
> frontend@0.1.0 build
> next build

笆ｲ Next.js 16.1.6 (Turbopack)
- Environments: .env.local

  Creating an optimized production build ...
笨・Compiled successfully in 1485.7ms
  Running TypeScript ...
  Collecting page data using 31 workers ...
  Generating static pages using 31 workers (0/6) ...
node.exe : Error occurred prerende
ring page "/_not-found". Read more
: https://nextjs.org/docs/messages
/prerender-error
発生場所 行:1 文字:1
+ & "C:\Program Files\nodejs/node.
exe" "C:\Program Files\nodejs/node
_mo ...
+ ~~~~~~~~~~~~~~~~~~~~~~~~~~~~~~~~
~~~~~~~~~~~~~~~~~~~~~~~~~~~~~~~~~~
~~~
    + CategoryInfo          : Not 
   Specified: (Error occurred ..  
  .prerender-error:String) [],    
 RemoteException
    + FullyQualifiedErrorId : Nat 
   iveCommandError
 
Error: supabaseUrl is required.
    at <unknown> (C:\Users\owner\.
gemini\antigravity\scratch\busines
s_tools_review\frontend\.next\serv
er\chunks\ssr\_cccd67e5._.js:37:43
440)
    at new g7 (C:\Users\owner\.gem
ini\antigravity\scratch\business_t
ools_review\frontend\.next\server\
chunks\ssr\_cccd67e5._.js:37:43691
)
    at module evaluation (C:\Users
\owner\.gemini\antigravity\scratch
\business_tools_review\frontend\.n
ext\server\chunks\ssr\_cccd67e5._.
js:37:48031)
    at instantiateModule (C:\Users
\owner\.gemini\antigravity\scratch
\business_tools_review\frontend\.n
ext\server\chunks\ssr\[turbopack]_
runtime.js:740:9)
    at getOrInstantiateModuleFromP
arent (C:\Users\owner\.gemini\anti
gravity\scratch\business_tools_rev
iew\frontend\.next\server\chunks\s
sr\[turbopack]_runtime.js:763:12)
    at Context.commonJsRequire [as
 r] (C:\Users\owner\.gemini\antigr
avity\scratch\business_tools_revie
w\frontend\.next\server\chunks\ssr
\[turbopack]_runtime.js:249:12) {
  digest: '4261492528'
}
Export encountered an error on /_n
ot-found/page: /_not-found, exitin
g the build.
筧ｯ Next.js build worker exited wit
h code: 1 and signal: null
