src/app/(mobile)/shift/page.tsx(93,13): error TS2322: Type 'string | null' is not assignable to type 'string | undefined'.
  Type 'null' is not assignable to type 'string | undefined'.
src/app/(mobile)/shift/page.tsx(118,43): error TS2339: Property 'shift_type' does not exist on type 'ShiftRecord'.
